// Vitest Snapshot v1, https://vitest.dev/guide/snapshot.html

exports[`LoginForm > renders correctly and matches snapshot 1`] = `
<DocumentFragment>
  <h1
    class="ons-u-mt-m"
  >
    Sign in
  </h1>
  <form
    action="#"
  >
    <div
      class="ons-field"
    >
      <label
        class="ons-label ons-label--with-description"
        for="username"
      >
        Username
      </label>
      <span
        class="ons-label__description ons-input--with-description"
        id="username-description-hint"
      >
        Your Blaise username
      </span>
      <input
        form="[object Object]"
        id="username"
        initial_value=""
        name="Username"
        type="username"
        value=""
      />
    </div>
    <div
      class="ons-field"
    >
      <label
        class="ons-label ons-label--with-description"
        for="Password"
      >
        Password
      </label>
      <span
        class="ons-label__description ons-input--with-description"
        id="Password-description-hint"
      >
        Your Blaise password
      </span>
      <input
        form="[object Object]"
        id="Password"
        initial_value=""
        name="Password"
        type="password"
        value=""
      />
    </div>
    <br />
    <button
      class="ons-btn"
      data-testid="submit-button"
      type="submit"
    >
      <span
        class="ons-btn__inner"
      >
        Sign in
      </span>
    </button>
  </form>
</DocumentFragment>
`;
