// Vitest Snapshot v1, https://vitest.dev/guide/snapshot.html

exports[`LoginForm > matches snapshot for initial render 1`] = `
<DocumentFragment>
  <h1
    class="ons-u-mt-m"
  >
    Sign in
  </h1>
  <form
    action="#"
  >
    <div
      class="ons-field ons-u-mb-m"
    >
      <div
        class="ons-grid"
      >
        <div
          class="ons-grid__col ons-col-8@m ons-col-6@l"
        >
          <label
            class="ons-label ons-label--with-description"
            for="username"
          >
            Username
          </label>
          <span
            class="ons-label__description ons-input--with-description"
            id="username-description-hint"
          >
            Your Blaise username
          </span>
          <input
            form="[object Object]"
            id="username"
            initial_value=""
            name="Username"
            type="text"
            value=""
          />
        </div>
      </div>
    </div>
    <div
      class="ons-field ons-u-mb-m"
    >
      <div
        class="ons-grid"
      >
        <div
          class="ons-grid__col ons-col-8@m ons-col-6@l"
        >
          <label
            class="ons-label ons-label--with-description"
            for="Password"
          >
            Password
          </label>
          <span
            class="ons-label__description ons-input--with-description"
            id="Password-description-hint"
          >
            Your Blaise password
          </span>
          <input
            form="[object Object]"
            id="Password"
            initial_value=""
            name="Password"
            type="password"
            value=""
          />
        </div>
      </div>
    </div>
    <br />
    <button
      class="ons-btn"
      data-testid="submit-button"
      type="submit"
    >
      <span
        class="ons-btn__inner"
      >
        <span
          class="ons-btn__text"
        >
          Sign in
        </span>
      </span>
    </button>
  </form>
</DocumentFragment>
`;

exports[`LoginForm > renders correctly and matches snapshot 1`] = `
<DocumentFragment>
  <h1
    class="ons-u-mt-m"
  >
    Sign in
  </h1>
  <form
    action="#"
  >
    <div
      class="ons-field ons-u-mb-m"
    >
      <div
        class="ons-grid"
      >
        <div
          class="ons-grid__col ons-col-8@m ons-col-6@l"
        >
          <label
            class="ons-label ons-label--with-description"
            for="username"
          >
            Username
          </label>
          <span
            class="ons-label__description ons-input--with-description"
            id="username-description-hint"
          >
            Your Blaise username
          </span>
          <input
            form="[object Object]"
            id="username"
            initial_value=""
            name="Username"
            type="text"
            value=""
          />
        </div>
      </div>
    </div>
    <div
      class="ons-field ons-u-mb-m"
    >
      <div
        class="ons-grid"
      >
        <div
          class="ons-grid__col ons-col-8@m ons-col-6@l"
        >
          <label
            class="ons-label ons-label--with-description"
            for="Password"
          >
            Password
          </label>
          <span
            class="ons-label__description ons-input--with-description"
            id="Password-description-hint"
          >
            Your Blaise password
          </span>
          <input
            form="[object Object]"
            id="Password"
            initial_value=""
            name="Password"
            type="password"
            value=""
          />
        </div>
      </div>
    </div>
    <br />
    <button
      class="ons-btn"
      data-testid="submit-button"
      type="submit"
    >
      <span
        class="ons-btn__inner"
      >
        <span
          class="ons-btn__text"
        >
          Sign in
        </span>
      </span>
    </button>
  </form>
</DocumentFragment>
`;
